<UIView; frame = (0 0; 812 375); autoresize = W+H; layer = <CALayer>>
   | <UITableView; frame = (0 0; 812 325); clipsToBounds = YES; autoresize = W+H; gestureRecognizers = <NSArray>; layer = <CALayer>; contentOffset: {0, -44}; contentSize: {812, 60.333332061767578}; adjustedContentInset: {44, 0, 0, 0}>
   |    | <UIView; frame = (0 -44; 812 325); autoresize = W+H; layer = <CALayer>>
   |    | <Tinylog.TLIListTableViewCell; baseClass = UITableViewCell; frame = (0 0; 812 60.3333); autoresize = W; gestureRecognizers = <NSArray>; layer = <CALayer>>
   |    |    | <UITableViewCellContentView; frame = (44 0; 724 60); gestureRecognizers = <NSArray>; layer = <CALayer>>
   |    |    |    | <TTTAttributedLabel; baseClass = UILabel; frame = (16 20; 658 20); text = 'hello world'; gestureRecognizers = <NSArray>; layer = <_UILabelLayer>>
   |    |    |    | <TTTAttributedLabel; baseClass = UILabel; frame = (684 15; 30 30); text = '0'; clipsToBounds = YES; autoresize = W+H; gestureRecognizers = <NSArray>; layer = <_UILabelLayer>>
   |    |    | <_UITableViewCellSeparatorView; frame = (16 60; 796 0.333333); layer = <CALayer>>
   |    | <UIView; frame = (0 60.3333; 812 0); layer = <CALayer>>
   |    | <UIImageView; frame = (762.667 224; 2.33333 54); alpha = 0; opaque = NO; autoresize = LM; userInteractionEnabled = NO; layer = <CALayer>>
   |    | <UIImageView; frame = (47 275.667; 718 2.33333); alpha = 0; opaque = NO; autoresize = TM; userInteractionEnabled = NO; animations = { opacity=<CABasicAnimation>; }; layer = <CALayer>>
   | <UILabel; frame = (297 178.333; 218 18.6667); text = 'Tap + icon to create a ne...'; hidden = YES; userInteractionEnabled = NO; layer = <_UILabelLayer>>
   | <Tinylog.TLIListsFooterView; frame = (0 300; 812 75); layer = <CALayer>>
   |    | <UIView; frame = (0 0; 812 51); layer = <CALayer>>
   |    | <UIView; frame = (0 0; 812 0.666667); layer = <CALayer>>
   |    | <TTTAttributedLabel; baseClass = UILabel; frame = (313 15.6667; 186 20); text = 'Last Updated at 10:00:00'; gestureRecognizers = <NSArray>; layer = <_UILabelLayer>>
   |    | <Tinylog.TLIAddListButton; baseClass = UIButton; frame = (20 11.6667; 28 28); opaque = NO; tintColor = UIExtendedSRGBColorSpace 0.168627 0.682353 0.901961 1; layer = <CALayer>>
   |    |    | <UIImageView; frame = (0 0; 28 28); clipsToBounds = YES; opaque = NO; userInteractionEnabled = NO; layer = <CALayer>>
   |    | <Tinylog.TLIArchiveButton; baseClass = UIButton; frame = (764 12.6667; 28 26); opaque = NO; layer = <CALayer>>
   |    |    | <UIImageView; frame = (0 0; 28 26); clipsToBounds = YES; opaque = NO; userInteractionEnabled = NO; layer = <CALayer>>