<UITableView; frame = (0 0; 896 414); clipsToBounds = YES; autoresize = W+H; gestureRecognizers = <NSArray>; layer = <CALayer>; contentOffset: {0, -44}; contentSize: {896, 1019.5}; adjustedContentInset: {44, 0, 24, 0}>
   | <UIView; frame = (0 -44; 896 414); autoresize = W+H; layer = <CALayer>>
   | <Tinylog.HelpTableViewCell; baseClass = UITableViewCell; frame = (0 414.5; 896 65); hidden = YES; autoresize = W; layer = <CALayer>>
   |    | <UITableViewCellContentView; frame = (44 0; 808 64.5); gestureRecognizers = <NSArray>; layer = <CALayer>>
   |    |    | <UILabel; frame = (16 20; 782 24.5); text = 'Reorder lists and tasks b...'; userInteractionEnabled = NO; layer = <_UILabelLayer>>
   |    | <_UITableViewCellSeparatorView; frame = (16 64.5; 880 0.5); layer = <CALayer>>
   | <Tinylog.HelpTableViewCell; baseClass = UITableViewCell; frame = (0 349.5; 896 65); autoresize = W; layer = <CALayer>>
   |    | <UITableViewCellContentView; frame = (44 0; 808 64.5); gestureRecognizers = <NSArray>; layer = <CALayer>>
   |    |    | <UILabel; frame = (16 20; 782 24.5); text = 'View archives by tapping ...'; userInteractionEnabled = NO; layer = <_UILabelLayer>>
   |    | <_UITableViewCellSeparatorView; frame = (16 64.5; 880 0.5); layer = <CALayer>>
   | <Tinylog.HelpTableViewCell; baseClass = UITableViewCell; frame = (0 284.5; 896 65); autoresize = W; layer = <CALayer>>
   |    | <UITableViewCellContentView; frame = (44 0; 808 64.5); gestureRecognizers = <NSArray>; layer = <CALayer>>
   |    |    | <UILabel; frame = (16 20; 782 24.5); text = 'View tasks by tapping a l...'; userInteractionEnabled = NO; layer = <_UILabelLayer>>
   |    | <_UITableViewCellSeparatorView; frame = (16 64.5; 880 0.5); layer = <CALayer>>
   | <Tinylog.HelpTableViewCell; baseClass = UITableViewCell; frame = (0 219.5; 896 65); autoresize = W; layer = <CALayer>>
   |    | <UITableViewCellContentView; frame = (44 0; 808 64.5); gestureRecognizers = <NSArray>; layer = <CALayer>>
   |    |    | <UILabel; frame = (16 20; 782 24.5); text = 'Create a new task by tapp...'; userInteractionEnabled = NO; layer = <_UILabelLayer>>
   |    | <_UITableViewCellSeparatorView; frame = (16 64.5; 880 0.5); layer = <CALayer>>
   | <Tinylog.HelpTableViewCell; baseClass = UITableViewCell; frame = (0 130; 896 89.5); autoresize = W; layer = <CALayer>>
   |    | <UITableViewCellContentView; frame = (44 0; 808 89); gestureRecognizers = <NSArray>; layer = <CALayer>>
   |    |    | <UILabel; frame = (16 20; 782 49); text = 'Search all your lists wit...'; userInteractionEnabled = NO; layer = <_UILabelLayer>>
   |    | <_UITableViewCellSeparatorView; frame = (16 89; 880 0.5); layer = <CALayer>>
   | <Tinylog.HelpTableViewCell; baseClass = UITableViewCell; frame = (0 65; 896 65); autoresize = W; layer = <CALayer>>
   |    | <UITableViewCellContentView; frame = (44 0; 808 64.5); gestureRecognizers = <NSArray>; layer = <CALayer>>
   |    |    | <UILabel; frame = (16 20; 782 24.5); text = 'Search all your lists wit...'; userInteractionEnabled = NO; layer = <_UILabelLayer>>
   |    | <_UITableViewCellSeparatorView; frame = (16 64.5; 880 0.5); layer = <CALayer>>
   | <Tinylog.HelpTableViewCell; baseClass = UITableViewCell; frame = (0 0; 896 65); autoresize = W; layer = <CALayer>>
   |    | <UITableViewCellContentView; frame = (44 0; 808 64.5); gestureRecognizers = <NSArray>; layer = <CALayer>>
   |    |    | <UILabel; frame = (16 20; 782 24.5); text = 'Create a new list by tapp...'; userInteractionEnabled = NO; layer = <_UILabelLayer>>
   |    | <_UITableViewCellSeparatorView; frame = (16 64.5; 880 0.5); layer = <CALayer>>
   | <UIImageView; frame = (846.5 3; 2.5 137); opaque = NO; autoresize = LM; userInteractionEnabled = NO; animations = { opacity=<CABasicAnimation>; }; layer = <CALayer>>
   | <UIImageView; frame = (47 340.5; 799.5 2.5); alpha = 0; opaque = NO; autoresize = TM; userInteractionEnabled = NO; animations = { opacity=<CABasicAnimation>; }; layer = <CALayer>>