<UITableView; frame = (0 0; 1366 1024); clipsToBounds = YES; autoresize = W+H; gestureRecognizers = <NSArray>; layer = <CALayer>; contentOffset: {0, -44}; contentSize: {1366, 965.33331298828125}; adjustedContentInset: {44, 0, 0, 0}>
   | <UIView; frame = (0 -44; 1366 1024); autoresize = W+H; layer = <CALayer>>
   | <Tinylog.HelpTableViewCell; baseClass = UITableViewCell; frame = (0 905; 1366 60.3333); autoresize = W; layer = <CALayer>>
   |    | <UITableViewCellContentView; frame = (0 0; 1366 60); gestureRecognizers = <NSArray>; layer = <CALayer>>
   |    |    | <TTTAttributedLabel; baseClass = UILabel; frame = (16 20; 1334 20); text = 'Thanks for choosing Tinyl...'; gestureRecognizers = <NSArray>; layer = <_UILabelLayer>>
   |    | <_UITableViewCellSeparatorView; frame = (16 60; 1350 0.333333); layer = <CALayer>>
   | <Tinylog.HelpTableViewCell; baseClass = UITableViewCell; frame = (0 844.667; 1366 60.3333); autoresize = W; layer = <CALayer>>
   |    | <UITableViewCellContentView; frame = (0 0; 1366 60); gestureRecognizers = <NSArray>; layer = <CALayer>>
   |    |    | <TTTAttributedLabel; baseClass = UILabel; frame = (16 20; 1334 20); text = 'Change font or size by ta...'; gestureRecognizers = <NSArray>; layer = <_UILabelLayer>>
   |    | <_UITableViewCellSeparatorView; frame = (16 60; 1350 0.333333); layer = <CALayer>>
   | <Tinylog.HelpTableViewCell; baseClass = UITableViewCell; frame = (0 784.333; 1366 60.3333); autoresize = W; layer = <CALayer>>
   |    | <UITableViewCellContentView; frame = (0 0; 1366 60); gestureRecognizers = <NSArray>; layer = <CALayer>>
   |    |    | <TTTAttributedLabel; baseClass = UILabel; frame = (16 20; 1334 20); text = 'Enable iCloud by tapping ...'; gestureRecognizers = <NSArray>; layer = <_UILabelLayer>>
   |    | <_UITableViewCellSeparatorView; frame = (16 60; 1350 0.333333); layer = <CALayer>>
   | <Tinylog.HelpTableViewCell; baseClass = UITableViewCell; frame = (0 724; 1366 60.3333); autoresize = W; layer = <CALayer>>
   |    | <UITableViewCellContentView; frame = (0 0; 1366 60); gestureRecognizers = <NSArray>; layer = <CALayer>>
   |    |    | <TTTAttributedLabel; baseClass = UILabel; frame = (16 20; 1334 20); text = 'Create web links by typin...'; gestureRecognizers = <NSArray>; layer = <_UILabelLayer>>
   |    | <_UITableViewCellSeparatorView; frame = (16 60; 1350 0.333333); layer = <CALayer>>
   | <Tinylog.HelpTableViewCell; baseClass = UITableViewCell; frame = (0 663.667; 1366 60.3333); autoresize = W; layer = <CALayer>>
   |    | <UITableViewCellContentView; frame = (0 0; 1366 60); gestureRecognizers = <NSArray>; layer = <CALayer>>
   |    |    | <TTTAttributedLabel; baseClass = UILabel; frame = (16 20; 1334 20); text = 'Tap checkbox to complete ...'; gestureRecognizers = <NSArray>; layer = <_UILabelLayer>>
   |    | <_UITableViewCellSeparatorView; frame = (16 60; 1350 0.333333); layer = <CALayer>>
   | <Tinylog.HelpTableViewCell; baseClass = UITableViewCell; frame = (0 603.333; 1366 60.3333); autoresize = W; layer = <CALayer>>
   |    | <UITableViewCellContentView; frame = (0 0; 1366 60); gestureRecognizers = <NSArray>; layer = <CALayer>>
   |    |    | <TTTAttributedLabel; baseClass = UILabel; frame = (16 20; 1334 20); text = 'Restore a list by swiping...'; gestureRecognizers = <NSArray>; layer = <_UILabelLayer>>
   |    | <_UITableViewCellSeparatorView; frame = (16 60; 1350 0.333333); layer = <CALayer>>
   | <Tinylog.HelpTableViewCell; baseClass = UITableViewCell; frame = (0 543; 1366 60.3333); autoresize = W; layer = <CALayer>>
   |    | <UITableViewCellContentView; frame = (0 0; 1366 60); gestureRecognizers = <NSArray>; layer = <CALayer>>
   |    |    | <TTTAttributedLabel; baseClass = UILabel; frame = (16 20; 1334 20); text = 'Delete a list by swiping ...'; gestureRecognizers = <NSArray>; layer = <_UILabelLayer>>
   |    | <_UITableViewCellSeparatorView; frame = (16 60; 1350 0.333333); layer = <CALayer>>
   | <Tinylog.HelpTableViewCell; baseClass = UITableViewCell; frame = (0 482.667; 1366 60.3333); autoresize = W; layer = <CALayer>>
   |    | <UITableViewCellContentView; frame = (0 0; 1366 60); gestureRecognizers = <NSArray>; layer = <CALayer>>
   |    |    | <TTTAttributedLabel; baseClass = UILabel; frame = (16 20; 1334 20); text = 'Edit a list by swiping to...'; gestureRecognizers = <NSArray>; layer = <_UILabelLayer>>
   |    | <_UITableViewCellSeparatorView; frame = (16 60; 1350 0.333333); layer = <CALayer>>
   | <Tinylog.HelpTableViewCell; baseClass = UITableViewCell; frame = (0 422.333; 1366 60.3333); autoresize = W; layer = <CALayer>>
   |    | <UITableViewCellContentView; frame = (0 0; 1366 60); gestureRecognizers = <NSArray>; layer = <CALayer>>
   |    |    | <TTTAttributedLabel; baseClass = UILabel; frame = (16 20; 1334 20); text = 'Archive a list by swiping...'; gestureRecognizers = <NSArray>; layer = <_UILabelLayer>>
   |    | <_UITableViewCellSeparatorView; frame = (16 60; 1350 0.333333); layer = <CALayer>>
   | <Tinylog.HelpTableViewCell; baseClass = UITableViewCell; frame = (0 362; 1366 60.3333); autoresize = W; layer = <CALayer>>
   |    | <UITableViewCellContentView; frame = (0 0; 1366 60); gestureRecognizers = <NSArray>; layer = <CALayer>>
   |    |    | <TTTAttributedLabel; baseClass = UILabel; frame = (16 20; 1334 20); text = 'Reorder lists and tasks b...'; gestureRecognizers = <NSArray>; layer = <_UILabelLayer>>
   |    | <_UITableViewCellSeparatorView; frame = (16 60; 1350 0.333333); layer = <CALayer>>
   | <Tinylog.HelpTableViewCell; baseClass = UITableViewCell; frame = (0 301.667; 1366 60.3333); autoresize = W; layer = <CALayer>>
   |    | <UITableViewCellContentView; frame = (0 0; 1366 60); gestureRecognizers = <NSArray>; layer = <CALayer>>
   |    |    | <TTTAttributedLabel; baseClass = UILabel; frame = (16 20; 1334 20); text = 'View archives by tapping ...'; gestureRecognizers = <NSArray>; layer = <_UILabelLayer>>
   |    | <_UITableViewCellSeparatorView; frame = (16 60; 1350 0.333333); layer = <CALayer>>
   | <Tinylog.HelpTableViewCell; baseClass = UITableViewCell; frame = (0 241.333; 1366 60.3333); autoresize = W; layer = <CALayer>>
   |    | <UITableViewCellContentView; frame = (0 0; 1366 60); gestureRecognizers = <NSArray>; layer = <CALayer>>
   |    |    | <TTTAttributedLabel; baseClass = UILabel; frame = (16 20; 1334 20); text = 'View tasks by tapping a l...'; gestureRecognizers = <NSArray>; layer = <_UILabelLayer>>
   |    | <_UITableViewCellSeparatorView; frame = (16 60; 1350 0.333333); layer = <CALayer>>
   | <Tinylog.HelpTableViewCell; baseClass = UITableViewCell; frame = (0 181; 1366 60.3333); autoresize = W; layer = <CALayer>>
   |    | <UITableViewCellContentView; frame = (0 0; 1366 60); gestureRecognizers = <NSArray>; layer = <CALayer>>
   |    |    | <TTTAttributedLabel; baseClass = UILabel; frame = (16 20; 1334 20); text = 'Create a new task by tapp...'; gestureRecognizers = <NSArray>; layer = <_UILabelLayer>>
   |    | <_UITableViewCellSeparatorView; frame = (16 60; 1350 0.333333); layer = <CALayer>>
   | <Tinylog.HelpTableViewCell; baseClass = UITableViewCell; frame = (0 120.667; 1366 60.3333); autoresize = W; layer = <CALayer>>
   |    | <UITableViewCellContentView; frame = (0 0; 1366 60); gestureRecognizers = <NSArray>; layer = <CALayer>>
   |    |    | <TTTAttributedLabel; baseClass = UILabel; frame = (16 20; 1334 20); text = 'Search all your lists wit...'; gestureRecognizers = <NSArray>; layer = <_UILabelLayer>>
   |    | <_UITableViewCellSeparatorView; frame = (16 60; 1350 0.333333); layer = <CALayer>>
   | <Tinylog.HelpTableViewCell; baseClass = UITableViewCell; frame = (0 60.3333; 1366 60.3333); autoresize = W; layer = <CALayer>>
   |    | <UITableViewCellContentView; frame = (0 0; 1366 60); gestureRecognizers = <NSArray>; layer = <CALayer>>
   |    |    | <TTTAttributedLabel; baseClass = UILabel; frame = (16 20; 1334 20); text = 'Search all your lists wit...'; gestureRecognizers = <NSArray>; layer = <_UILabelLayer>>
   |    | <_UITableViewCellSeparatorView; frame = (16 60; 1350 0.333333); layer = <CALayer>>
   | <Tinylog.HelpTableViewCell; baseClass = UITableViewCell; frame = (0 0; 1366 60.3333); autoresize = W; layer = <CALayer>>
   |    | <UITableViewCellContentView; frame = (0 0; 1366 60); gestureRecognizers = <NSArray>; layer = <CALayer>>
   |    |    | <TTTAttributedLabel; baseClass = UILabel; frame = (16 20; 1334 20); text = 'Create a new list by tapp...'; gestureRecognizers = <NSArray>; layer = <_UILabelLayer>>
   |    | <_UITableViewCellSeparatorView; frame = (16 60; 1350 0.333333); layer = <CALayer>>
   | <_UITableViewCellSeparatorView; frame = (16 1025.33; 1350 0.333333); autoresize = W; layer = <CALayer>>
   | <_UITableViewCellSeparatorView; frame = (16 1085.67; 1350 0.333333); autoresize = W; layer = <CALayer>>
   | <_UITableViewCellSeparatorView; frame = (16 1146; 1350 0.333333); autoresize = W; layer = <CALayer>>
   | <_UITableViewCellSeparatorView; frame = (16 1206.33; 1350 0.333333); autoresize = W; layer = <CALayer>>
   | <_UITableViewCellSeparatorView; frame = (16 1266.67; 1350 0.333333); autoresize = W; layer = <CALayer>>
   | <_UITableViewCellSeparatorView; frame = (16 1327; 1350 0.333333); autoresize = W; layer = <CALayer>>
   | <_UITableViewCellSeparatorView; frame = (16 1387.33; 1350 0.333333); autoresize = W; layer = <CALayer>>
   | <_UITableViewCellSeparatorView; frame = (16 1447.67; 1350 0.333333); autoresize = W; layer = <CALayer>>
   | <_UITableViewCellSeparatorView; frame = (16 1508; 1350 0.333333); autoresize = W; layer = <CALayer>>
   | <_UITableViewCellSeparatorView; frame = (16 1568.33; 1350 0.333333); autoresize = W; layer = <CALayer>>
   | <UIImageView; frame = (1360.67 23; 2.33333 954); alpha = 0; opaque = NO; autoresize = LM; userInteractionEnabled = NO; layer = <CALayer>>
   | <UIImageView; frame = (3 974.667; 1360 2.33333); alpha = 0; opaque = NO; autoresize = TM; userInteractionEnabled = NO; layer = <CALayer>>