<UITableView; frame = (0 0; 1024 1366); clipsToBounds = YES; autoresize = W+H; gestureRecognizers = <NSArray>; layer = <CALayer>; contentOffset: {0, -20}; contentSize: {1024, 1040}; adjustedContentInset: {20, 0, 0, 0}; dataSource: <_UIFilteredDataSource>>
   | <UIView; frame = (0 -20; 1024 1366); autoresize = W+H; layer = <CALayer>>
   | <Tinylog.HelpTableViewCell; baseClass = UITableViewCell; frame = (0 975; 1024 65); autoresize = W; layer = <CALayer>>
   |    | <UITableViewCellContentView; frame = (0 0; 1024 65); clipsToBounds = YES; gestureRecognizers = <NSArray>; layer = <CALayer>>
   |    |    | <UILabel; frame = (16 20; 998 25); text = 'Thanks for choosing Tinyl...'; userInteractionEnabled = NO; layer = <_UILabelLayer>>
   |    | <_UITableViewCellSeparatorView; frame = (16 64.5; 1008 0.5); layer = <CALayer>>
   | <Tinylog.HelpTableViewCell; baseClass = UITableViewCell; frame = (0 910; 1024 65); autoresize = W; layer = <CALayer>>
   |    | <UITableViewCellContentView; frame = (0 0; 1024 65); clipsToBounds = YES; gestureRecognizers = <NSArray>; layer = <CALayer>>
   |    |    | <UILabel; frame = (16 20; 998 25); text = 'Change font or size by ta...'; userInteractionEnabled = NO; layer = <_UILabelLayer>>
   |    | <_UITableViewCellSeparatorView; frame = (16 64.5; 1008 0.5); layer = <CALayer>>
   | <Tinylog.HelpTableViewCell; baseClass = UITableViewCell; frame = (0 845; 1024 65); autoresize = W; layer = <CALayer>>
   |    | <UITableViewCellContentView; frame = (0 0; 1024 65); clipsToBounds = YES; gestureRecognizers = <NSArray>; layer = <CALayer>>
   |    |    | <UILabel; frame = (16 20; 998 25); text = 'Enable iCloud by tapping ...'; userInteractionEnabled = NO; layer = <_UILabelLayer>>
   |    | <_UITableViewCellSeparatorView; frame = (16 64.5; 1008 0.5); layer = <CALayer>>
   | <Tinylog.HelpTableViewCell; baseClass = UITableViewCell; frame = (0 780; 1024 65); autoresize = W; layer = <CALayer>>
   |    | <UITableViewCellContentView; frame = (0 0; 1024 65); clipsToBounds = YES; gestureRecognizers = <NSArray>; layer = <CALayer>>
   |    |    | <UILabel; frame = (16 20; 998 25); text = 'Create web links by typin...'; userInteractionEnabled = NO; layer = <_UILabelLayer>>
   |    | <_UITableViewCellSeparatorView; frame = (16 64.5; 1008 0.5); layer = <CALayer>>
   | <Tinylog.HelpTableViewCell; baseClass = UITableViewCell; frame = (0 715; 1024 65); autoresize = W; layer = <CALayer>>
   |    | <UITableViewCellContentView; frame = (0 0; 1024 65); clipsToBounds = YES; gestureRecognizers = <NSArray>; layer = <CALayer>>
   |    |    | <UILabel; frame = (16 20; 998 25); text = 'Tap checkbox to complete ...'; userInteractionEnabled = NO; layer = <_UILabelLayer>>
   |    | <_UITableViewCellSeparatorView; frame = (16 64.5; 1008 0.5); layer = <CALayer>>
   | <Tinylog.HelpTableViewCell; baseClass = UITableViewCell; frame = (0 650; 1024 65); autoresize = W; layer = <CALayer>>
   |    | <UITableViewCellContentView; frame = (0 0; 1024 65); clipsToBounds = YES; gestureRecognizers = <NSArray>; layer = <CALayer>>
   |    |    | <UILabel; frame = (16 20; 998 25); text = 'Restore a list by swiping...'; userInteractionEnabled = NO; layer = <_UILabelLayer>>
   |    | <_UITableViewCellSeparatorView; frame = (16 64.5; 1008 0.5); layer = <CALayer>>
   | <Tinylog.HelpTableViewCell; baseClass = UITableViewCell; frame = (0 585; 1024 65); autoresize = W; layer = <CALayer>>
   |    | <UITableViewCellContentView; frame = (0 0; 1024 65); clipsToBounds = YES; gestureRecognizers = <NSArray>; layer = <CALayer>>
   |    |    | <UILabel; frame = (16 20; 998 25); text = 'Delete a list by swiping ...'; userInteractionEnabled = NO; layer = <_UILabelLayer>>
   |    | <_UITableViewCellSeparatorView; frame = (16 64.5; 1008 0.5); layer = <CALayer>>
   | <Tinylog.HelpTableViewCell; baseClass = UITableViewCell; frame = (0 520; 1024 65); autoresize = W; layer = <CALayer>>
   |    | <UITableViewCellContentView; frame = (0 0; 1024 65); clipsToBounds = YES; gestureRecognizers = <NSArray>; layer = <CALayer>>
   |    |    | <UILabel; frame = (16 20; 998 25); text = 'Edit a list by swiping to...'; userInteractionEnabled = NO; layer = <_UILabelLayer>>
   |    | <_UITableViewCellSeparatorView; frame = (16 64.5; 1008 0.5); layer = <CALayer>>
   | <Tinylog.HelpTableViewCell; baseClass = UITableViewCell; frame = (0 455; 1024 65); autoresize = W; layer = <CALayer>>
   |    | <UITableViewCellContentView; frame = (0 0; 1024 65); clipsToBounds = YES; gestureRecognizers = <NSArray>; layer = <CALayer>>
   |    |    | <UILabel; frame = (16 20; 998 25); text = 'Archive a list by swiping...'; userInteractionEnabled = NO; layer = <_UILabelLayer>>
   |    | <_UITableViewCellSeparatorView; frame = (16 64.5; 1008 0.5); layer = <CALayer>>
   | <Tinylog.HelpTableViewCell; baseClass = UITableViewCell; frame = (0 390; 1024 65); autoresize = W; layer = <CALayer>>
   |    | <UITableViewCellContentView; frame = (0 0; 1024 65); clipsToBounds = YES; gestureRecognizers = <NSArray>; layer = <CALayer>>
   |    |    | <UILabel; frame = (16 20; 998 25); text = 'Reorder lists and tasks b...'; userInteractionEnabled = NO; layer = <_UILabelLayer>>
   |    | <_UITableViewCellSeparatorView; frame = (16 64.5; 1008 0.5); layer = <CALayer>>
   | <Tinylog.HelpTableViewCell; baseClass = UITableViewCell; frame = (0 325; 1024 65); autoresize = W; layer = <CALayer>>
   |    | <UITableViewCellContentView; frame = (0 0; 1024 65); clipsToBounds = YES; gestureRecognizers = <NSArray>; layer = <CALayer>>
   |    |    | <UILabel; frame = (16 20; 998 25); text = 'View archives by tapping ...'; userInteractionEnabled = NO; layer = <_UILabelLayer>>
   |    | <_UITableViewCellSeparatorView; frame = (16 64.5; 1008 0.5); layer = <CALayer>>
   | <Tinylog.HelpTableViewCell; baseClass = UITableViewCell; frame = (0 260; 1024 65); autoresize = W; layer = <CALayer>>
   |    | <UITableViewCellContentView; frame = (0 0; 1024 65); clipsToBounds = YES; gestureRecognizers = <NSArray>; layer = <CALayer>>
   |    |    | <UILabel; frame = (16 20; 998 25); text = 'View tasks by tapping a l...'; userInteractionEnabled = NO; layer = <_UILabelLayer>>
   |    | <_UITableViewCellSeparatorView; frame = (16 64.5; 1008 0.5); layer = <CALayer>>
   | <Tinylog.HelpTableViewCell; baseClass = UITableViewCell; frame = (0 195; 1024 65); autoresize = W; layer = <CALayer>>
   |    | <UITableViewCellContentView; frame = (0 0; 1024 65); clipsToBounds = YES; gestureRecognizers = <NSArray>; layer = <CALayer>>
   |    |    | <UILabel; frame = (16 20; 998 25); text = 'Create a new task by tapp...'; userInteractionEnabled = NO; layer = <_UILabelLayer>>
   |    | <_UITableViewCellSeparatorView; frame = (16 64.5; 1008 0.5); layer = <CALayer>>
   | <Tinylog.HelpTableViewCell; baseClass = UITableViewCell; frame = (0 130; 1024 65); autoresize = W; layer = <CALayer>>
   |    | <UITableViewCellContentView; frame = (0 0; 1024 65); clipsToBounds = YES; gestureRecognizers = <NSArray>; layer = <CALayer>>
   |    |    | <UILabel; frame = (16 20; 998 25); text = 'Search all your lists wit...'; userInteractionEnabled = NO; layer = <_UILabelLayer>>
   |    | <_UITableViewCellSeparatorView; frame = (16 64.5; 1008 0.5); layer = <CALayer>>
   | <Tinylog.HelpTableViewCell; baseClass = UITableViewCell; frame = (0 65; 1024 65); autoresize = W; layer = <CALayer>>
   |    | <UITableViewCellContentView; frame = (0 0; 1024 65); clipsToBounds = YES; gestureRecognizers = <NSArray>; layer = <CALayer>>
   |    |    | <UILabel; frame = (16 20; 998 25); text = 'Search all your lists wit...'; userInteractionEnabled = NO; layer = <_UILabelLayer>>
   |    | <_UITableViewCellSeparatorView; frame = (16 64.5; 1008 0.5); layer = <CALayer>>
   | <Tinylog.HelpTableViewCell; baseClass = UITableViewCell; frame = (0 0; 1024 65); autoresize = W; layer = <CALayer>>
   |    | <UITableViewCellContentView; frame = (0 0; 1024 65); clipsToBounds = YES; gestureRecognizers = <NSArray>; layer = <CALayer>>
   |    |    | <UILabel; frame = (16 20; 998 25); text = 'Create a new list by tapp...'; userInteractionEnabled = NO; layer = <_UILabelLayer>>
   |    | <_UITableViewCellSeparatorView; frame = (16 64.5; 1008 0.5); layer = <CALayer>>
   | <_UITableViewCellSeparatorView; frame = (16 1104.5; 1008 0.5); autoresize = W; layer = <CALayer>>
   | <_UITableViewCellSeparatorView; frame = (16 1169.5; 1008 0.5); autoresize = W; layer = <CALayer>>
   | <_UITableViewCellSeparatorView; frame = (16 1234.5; 1008 0.5); autoresize = W; layer = <CALayer>>
   | <_UITableViewCellSeparatorView; frame = (16 1299.5; 1008 0.5); autoresize = W; layer = <CALayer>>
   | <_UITableViewCellSeparatorView; frame = (16 1364.5; 1008 0.5); autoresize = W; layer = <CALayer>>
   | <_UITableViewCellSeparatorView; frame = (16 1429.5; 1008 0.5); autoresize = W; layer = <CALayer>>
   | <_UITableViewCellSeparatorView; frame = (16 1494.5; 1008 0.5); autoresize = W; layer = <CALayer>>
   | <_UITableViewCellSeparatorView; frame = (16 1559.5; 1008 0.5); autoresize = W; layer = <CALayer>>
   | <_UITableViewCellSeparatorView; frame = (16 1624.5; 1008 0.5); autoresize = W; layer = <CALayer>>
   | <_UITableViewCellSeparatorView; frame = (16 1689.5; 1008 0.5); autoresize = W; layer = <CALayer>>
   | <_UITableViewCellSeparatorView; frame = (16 1754.5; 1008 0.5); autoresize = W; layer = <CALayer>>
   | <_UITableViewCellSeparatorView; frame = (16 1819.5; 1008 0.5); autoresize = W; layer = <CALayer>>
   | <_UITableViewCellSeparatorView; frame = (16 1884.5; 1008 0.5); autoresize = W; layer = <CALayer>>
   | <_UITableViewCellSeparatorView; frame = (16 1949.5; 1008 0.5); autoresize = W; layer = <CALayer>>
   | <_UITableViewCellSeparatorView; frame = (16 2014.5; 1008 0.5); autoresize = W; layer = <CALayer>>
   | <_UITableViewCellSeparatorView; frame = (16 2079.5; 1008 0.5); autoresize = W; layer = <CALayer>>
   | <_UIScrollViewScrollIndicator; frame = (3 1340; 1018 3); alpha = 0; autoresize = TM; layer = <CALayer>>
   |    | <UIView; frame = (0 0; 1018 3); layer = <CALayer>>
   | <_UIScrollViewScrollIndicator; frame = (1018 389; 3 954); alpha = 0; autoresize = LM; layer = <CALayer>>
   |    | <UIView; frame = (0 0; 3 954); layer = <CALayer>>