<UITableView; frame = (0 0; 1024 1366); clipsToBounds = YES; autoresize = W+H; gestureRecognizers = <NSArray>; layer = <CALayer>; contentOffset: {0, -44}; contentSize: {1024, 1040}; adjustedContentInset: {44, 0, 0, 0}>
   | <UIView; frame = (0 -44; 1024 1366); autoresize = W+H; layer = <CALayer>>
   | <Tinylog.HelpTableViewCell; baseClass = UITableViewCell; frame = (0 975; 1024 65); autoresize = W; layer = <CALayer>>
   |    | <UITableViewCellContentView; frame = (0 0; 1024 64.5); gestureRecognizers = <NSArray>; layer = <CALayer>>
   |    |    | <UILabel; frame = (16 20; 998 24.5); text = 'Vielen Dank, dass Sie sic...'; userInteractionEnabled = NO; layer = <_UILabelLayer>>
   |    | <_UITableViewCellSeparatorView; frame = (16 64.5; 1008 0.5); layer = <CALayer>>
   | <Tinylog.HelpTableViewCell; baseClass = UITableViewCell; frame = (0 910; 1024 65); autoresize = W; layer = <CALayer>>
   |    | <UITableViewCellContentView; frame = (0 0; 1024 64.5); gestureRecognizers = <NSArray>; layer = <CALayer>>
   |    |    | <UILabel; frame = (16 20; 998 24.5); text = 'Ã„ndern Sie die Schriftart...'; userInteractionEnabled = NO; layer = <_UILabelLayer>>
   |    | <_UITableViewCellSeparatorView; frame = (16 64.5; 1008 0.5); layer = <CALayer>>
   | <Tinylog.HelpTableViewCell; baseClass = UITableViewCell; frame = (0 845; 1024 65); autoresize = W; layer = <CALayer>>
   |    | <UITableViewCellContentView; frame = (0 0; 1024 64.5); gestureRecognizers = <NSArray>; layer = <CALayer>>
   |    |    | <UILabel; frame = (16 20; 998 24.5); text = 'Aktivieren Sie iCloud, in...'; userInteractionEnabled = NO; layer = <_UILabelLayer>>
   |    | <_UITableViewCellSeparatorView; frame = (16 64.5; 1008 0.5); layer = <CALayer>>
   | <Tinylog.HelpTableViewCell; baseClass = UITableViewCell; frame = (0 780; 1024 65); autoresize = W; layer = <CALayer>>
   |    | <UITableViewCellContentView; frame = (0 0; 1024 64.5); gestureRecognizers = <NSArray>; layer = <CALayer>>
   |    |    | <UILabel; frame = (16 20; 998 24.5); text = 'Erstellen Sie Weblinks, i...'; userInteractionEnabled = NO; layer = <_UILabelLayer>>
   |    | <_UITableViewCellSeparatorView; frame = (16 64.5; 1008 0.5); layer = <CALayer>>
   | <Tinylog.HelpTableViewCell; baseClass = UITableViewCell; frame = (0 715; 1024 65); autoresize = W; layer = <CALayer>>
   |    | <UITableViewCellContentView; frame = (0 0; 1024 64.5); gestureRecognizers = <NSArray>; layer = <CALayer>>
   |    |    | <UILabel; frame = (16 20; 998 24.5); text = 'Tippen Sie auf das Kontro...'; userInteractionEnabled = NO; layer = <_UILabelLayer>>
   |    | <_UITableViewCellSeparatorView; frame = (16 64.5; 1008 0.5); layer = <CALayer>>
   | <Tinylog.HelpTableViewCell; baseClass = UITableViewCell; frame = (0 650; 1024 65); autoresize = W; layer = <CALayer>>
   |    | <UITableViewCellContentView; frame = (0 0; 1024 64.5); gestureRecognizers = <NSArray>; layer = <CALayer>>
   |    |    | <UILabel; frame = (16 20; 998 24.5); text = 'Wiederherstellen einer Li...'; userInteractionEnabled = NO; layer = <_UILabelLayer>>
   |    | <_UITableViewCellSeparatorView; frame = (16 64.5; 1008 0.5); layer = <CALayer>>
   | <Tinylog.HelpTableViewCell; baseClass = UITableViewCell; frame = (0 585; 1024 65); autoresize = W; layer = <CALayer>>
   |    | <UITableViewCellContentView; frame = (0 0; 1024 64.5); gestureRecognizers = <NSArray>; layer = <CALayer>>
   |    |    | <UILabel; frame = (16 20; 998 24.5); text = 'LÃ¶schen Sie eine Liste, i...'; userInteractionEnabled = NO; layer = <_UILabelLayer>>
   |    | <_UITableViewCellSeparatorView; frame = (16 64.5; 1008 0.5); layer = <CALayer>>
   | <Tinylog.HelpTableViewCell; baseClass = UITableViewCell; frame = (0 520; 1024 65); autoresize = W; layer = <CALayer>>
   |    | <UITableViewCellContentView; frame = (0 0; 1024 64.5); gestureRecognizers = <NSArray>; layer = <CALayer>>
   |    |    | <UILabel; frame = (16 20; 998 24.5); text = 'Bearbeiten Sie eine Liste...'; userInteractionEnabled = NO; layer = <_UILabelLayer>>
   |    | <_UITableViewCellSeparatorView; frame = (16 64.5; 1008 0.5); layer = <CALayer>>
   | <Tinylog.HelpTableViewCell; baseClass = UITableViewCell; frame = (0 455; 1024 65); autoresize = W; layer = <CALayer>>
   |    | <UITableViewCellContentView; frame = (0 0; 1024 64.5); gestureRecognizers = <NSArray>; layer = <CALayer>>
   |    |    | <UILabel; frame = (16 20; 998 24.5); text = 'Archivieren Sie eine List...'; userInteractionEnabled = NO; layer = <_UILabelLayer>>
   |    | <_UITableViewCellSeparatorView; frame = (16 64.5; 1008 0.5); layer = <CALayer>>
   | <Tinylog.HelpTableViewCell; baseClass = UITableViewCell; frame = (0 390; 1024 65); autoresize = W; layer = <CALayer>>
   |    | <UITableViewCellContentView; frame = (0 0; 1024 64.5); gestureRecognizers = <NSArray>; layer = <CALayer>>
   |    |    | <UILabel; frame = (16 20; 998 24.5); text = 'Listen und Aufgaben neu a...'; userInteractionEnabled = NO; layer = <_UILabelLayer>>
   |    | <_UITableViewCellSeparatorView; frame = (16 64.5; 1008 0.5); layer = <CALayer>>
   | <Tinylog.HelpTableViewCell; baseClass = UITableViewCell; frame = (0 325; 1024 65); autoresize = W; layer = <CALayer>>
   |    | <UITableViewCellContentView; frame = (0 0; 1024 64.5); gestureRecognizers = <NSArray>; layer = <CALayer>>
   |    |    | <UILabel; frame = (16 20; 998 24.5); text = 'Zeigen Sie Archive an, in...'; userInteractionEnabled = NO; layer = <_UILabelLayer>>
   |    | <_UITableViewCellSeparatorView; frame = (16 64.5; 1008 0.5); layer = <CALayer>>
   | <Tinylog.HelpTableViewCell; baseClass = UITableViewCell; frame = (0 260; 1024 65); autoresize = W; layer = <CALayer>>
   |    | <UITableViewCellContentView; frame = (0 0; 1024 64.5); gestureRecognizers = <NSArray>; layer = <CALayer>>
   |    |    | <UILabel; frame = (16 20; 998 24.5); text = 'Zeigen Sie Aufgaben an, i...'; userInteractionEnabled = NO; layer = <_UILabelLayer>>
   |    | <_UITableViewCellSeparatorView; frame = (16 64.5; 1008 0.5); layer = <CALayer>>
   | <Tinylog.HelpTableViewCell; baseClass = UITableViewCell; frame = (0 195; 1024 65); autoresize = W; layer = <CALayer>>
   |    | <UITableViewCellContentView; frame = (0 0; 1024 64.5); gestureRecognizers = <NSArray>; layer = <CALayer>>
   |    |    | <UILabel; frame = (16 20; 998 24.5); text = 'Erstellen Sie eine neue A...'; userInteractionEnabled = NO; layer = <_UILabelLayer>>
   |    | <_UITableViewCellSeparatorView; frame = (16 64.5; 1008 0.5); layer = <CALayer>>
   | <Tinylog.HelpTableViewCell; baseClass = UITableViewCell; frame = (0 130; 1024 65); autoresize = W; layer = <CALayer>>
   |    | <UITableViewCellContentView; frame = (0 0; 1024 64.5); gestureRecognizers = <NSArray>; layer = <CALayer>>
   |    |    | <UILabel; frame = (16 20; 998 24.5); text = 'Durchsuchen Sie alle Ihre...'; userInteractionEnabled = NO; layer = <_UILabelLayer>>
   |    | <_UITableViewCellSeparatorView; frame = (16 64.5; 1008 0.5); layer = <CALayer>>
   | <Tinylog.HelpTableViewCell; baseClass = UITableViewCell; frame = (0 65; 1024 65); autoresize = W; layer = <CALayer>>
   |    | <UITableViewCellContentView; frame = (0 0; 1024 64.5); gestureRecognizers = <NSArray>; layer = <CALayer>>
   |    |    | <UILabel; frame = (16 20; 998 24.5); text = 'Durchsuchen Sie alle Ihre...'; userInteractionEnabled = NO; layer = <_UILabelLayer>>
   |    | <_UITableViewCellSeparatorView; frame = (16 64.5; 1008 0.5); layer = <CALayer>>
   | <Tinylog.HelpTableViewCell; baseClass = UITableViewCell; frame = (0 0; 1024 65); autoresize = W; layer = <CALayer>>
   |    | <UITableViewCellContentView; frame = (0 0; 1024 64.5); gestureRecognizers = <NSArray>; layer = <CALayer>>
   |    |    | <UILabel; frame = (16 20; 998 24.5); text = 'Erstellen Sie eine neue L...'; userInteractionEnabled = NO; layer = <_UILabelLayer>>
   |    | <_UITableViewCellSeparatorView; frame = (16 64.5; 1008 0.5); layer = <CALayer>>
   | <_UITableViewCellSeparatorView; frame = (16 1104.5; 1008 0.5); autoresize = W; layer = <CALayer>>
   | <_UITableViewCellSeparatorView; frame = (16 1169.5; 1008 0.5); autoresize = W; layer = <CALayer>>
   | <_UITableViewCellSeparatorView; frame = (16 1234.5; 1008 0.5); autoresize = W; layer = <CALayer>>
   | <_UITableViewCellSeparatorView; frame = (16 1299.5; 1008 0.5); autoresize = W; layer = <CALayer>>
   | <_UITableViewCellSeparatorView; frame = (16 1364.5; 1008 0.5); autoresize = W; layer = <CALayer>>
   | <_UITableViewCellSeparatorView; frame = (16 1429.5; 1008 0.5); autoresize = W; layer = <CALayer>>
   | <_UITableViewCellSeparatorView; frame = (16 1494.5; 1008 0.5); autoresize = W; layer = <CALayer>>
   | <_UITableViewCellSeparatorView; frame = (16 1559.5; 1008 0.5); autoresize = W; layer = <CALayer>>
   | <_UITableViewCellSeparatorView; frame = (16 1624.5; 1008 0.5); autoresize = W; layer = <CALayer>>
   | <_UITableViewCellSeparatorView; frame = (16 1689.5; 1008 0.5); autoresize = W; layer = <CALayer>>
   | <_UITableViewCellSeparatorView; frame = (16 1754.5; 1008 0.5); autoresize = W; layer = <CALayer>>
   | <_UITableViewCellSeparatorView; frame = (16 1819.5; 1008 0.5); autoresize = W; layer = <CALayer>>
   | <_UITableViewCellSeparatorView; frame = (16 1884.5; 1008 0.5); autoresize = W; layer = <CALayer>>
   | <_UITableViewCellSeparatorView; frame = (16 1949.5; 1008 0.5); autoresize = W; layer = <CALayer>>
   | <_UITableViewCellSeparatorView; frame = (16 2014.5; 1008 0.5); autoresize = W; layer = <CALayer>>
   | <_UITableViewCellSeparatorView; frame = (16 2079.5; 1008 0.5); autoresize = W; layer = <CALayer>>
   | <UIImageView; frame = (1018.5 365; 2.5 954); alpha = 0; opaque = NO; autoresize = LM; userInteractionEnabled = NO; layer = <CALayer>>
   | <UIImageView; frame = (3 1316.5; 1018 2.5); alpha = 0; opaque = NO; autoresize = TM; userInteractionEnabled = NO; layer = <CALayer>>