<UITableView; frame = (0 0; 320 568); clipsToBounds = YES; autoresize = W+H; gestureRecognizers = <NSArray>; layer = <CALayer>; contentOffset: {0, -44}; contentSize: {320, 1466.0000152587891}; adjustedContentInset: {44, 0, 0, 0}>
   | <UIView; frame = (0 -44; 320 568); autoresize = W+H; layer = <CALayer>>
   | <Tinylog.HelpTableViewCell; baseClass = UITableViewCell; frame = (0 929.667; 320 116.333); hidden = YES; autoresize = W; layer = <CALayer>>
   |    | <UITableViewCellContentView; frame = (0 0; 320 116); gestureRecognizers = <NSArray>; layer = <CALayer>>
   |    |    | <TTTAttributedLabel; baseClass = UILabel; frame = (16 20; 288 76); text = 'Bearbeiten Sie eine Liste...'; gestureRecognizers = <NSArray>; layer = <_UILabelLayer>>
   |    | <_UITableViewCellSeparatorView; frame = (16 116; 304 0.333333); layer = <CALayer>>
   | <Tinylog.HelpTableViewCell; baseClass = UITableViewCell; frame = (0 813.333; 320 116.333); hidden = YES; autoresize = W; layer = <CALayer>>
   |    | <UITableViewCellContentView; frame = (0 0; 320 116); gestureRecognizers = <NSArray>; layer = <CALayer>>
   |    |    | <TTTAttributedLabel; baseClass = UILabel; frame = (16 20; 288 76); text = 'Archivieren Sie eine List...'; gestureRecognizers = <NSArray>; layer = <_UILabelLayer>>
   |    | <_UITableViewCellSeparatorView; frame = (16 116; 304 0.333333); layer = <CALayer>>
   | <Tinylog.HelpTableViewCell; baseClass = UITableViewCell; frame = (0 697; 320 116.333); hidden = YES; autoresize = W; layer = <CALayer>>
   |    | <UITableViewCellContentView; frame = (0 0; 320 116); gestureRecognizers = <NSArray>; layer = <CALayer>>
   |    |    | <TTTAttributedLabel; baseClass = UILabel; frame = (16 20; 288 76); text = 'Listen und Aufgaben neu a...'; gestureRecognizers = <NSArray>; layer = <_UILabelLayer>>
   |    | <_UITableViewCellSeparatorView; frame = (16 116; 304 0.333333); layer = <CALayer>>
   | <Tinylog.HelpTableViewCell; baseClass = UITableViewCell; frame = (0 580.667; 320 116.333); hidden = YES; autoresize = W; layer = <CALayer>>
   |    | <UITableViewCellContentView; frame = (0 0; 320 116); gestureRecognizers = <NSArray>; layer = <CALayer>>
   |    |    | <TTTAttributedLabel; baseClass = UILabel; frame = (16 20; 288 76); text = 'Zeigen Sie Archive an, in...'; gestureRecognizers = <NSArray>; layer = <_UILabelLayer>>
   |    | <_UITableViewCellSeparatorView; frame = (16 116; 304 0.333333); layer = <CALayer>>
   | <Tinylog.HelpTableViewCell; baseClass = UITableViewCell; frame = (0 464.333; 320 116.333); autoresize = W; layer = <CALayer>>
   |    | <UITableViewCellContentView; frame = (0 0; 320 116); gestureRecognizers = <NSArray>; layer = <CALayer>>
   |    |    | <TTTAttributedLabel; baseClass = UILabel; frame = (16 20; 288 76); text = 'Zeigen Sie Aufgaben an, i...'; gestureRecognizers = <NSArray>; layer = <_UILabelLayer>>
   |    | <_UITableViewCellSeparatorView; frame = (16 116; 304 0.333333); layer = <CALayer>>
   | <Tinylog.HelpTableViewCell; baseClass = UITableViewCell; frame = (0 348; 320 116.333); autoresize = W; layer = <CALayer>>
   |    | <UITableViewCellContentView; frame = (0 0; 320 116); gestureRecognizers = <NSArray>; layer = <CALayer>>
   |    |    | <TTTAttributedLabel; baseClass = UILabel; frame = (16 20; 288 76); text = 'Erstellen Sie eine neue A...'; gestureRecognizers = <NSArray>; layer = <_UILabelLayer>>
   |    | <_UITableViewCellSeparatorView; frame = (16 116; 304 0.333333); layer = <CALayer>>
   | <Tinylog.HelpTableViewCell; baseClass = UITableViewCell; frame = (0 206.667; 320 141.333); autoresize = W; layer = <CALayer>>
   |    | <UITableViewCellContentView; frame = (0 0; 320 141); gestureRecognizers = <NSArray>; layer = <CALayer>>
   |    |    | <TTTAttributedLabel; baseClass = UILabel; frame = (16 20; 288 101); text = 'Durchsuchen Sie alle Ihre...'; gestureRecognizers = <NSArray>; layer = <_UILabelLayer>>
   |    | <_UITableViewCellSeparatorView; frame = (16 141; 304 0.333333); layer = <CALayer>>
   | <Tinylog.HelpTableViewCell; baseClass = UITableViewCell; frame = (0 116.333; 320 90.3333); autoresize = W; layer = <CALayer>>
   |    | <UITableViewCellContentView; frame = (0 0; 320 90); gestureRecognizers = <NSArray>; layer = <CALayer>>
   |    |    | <TTTAttributedLabel; baseClass = UILabel; frame = (16 20; 288 50); text = 'Durchsuchen Sie alle Ihre...'; gestureRecognizers = <NSArray>; layer = <_UILabelLayer>>
   |    | <_UITableViewCellSeparatorView; frame = (16 90; 304 0.333333); layer = <CALayer>>
   | <Tinylog.HelpTableViewCell; baseClass = UITableViewCell; frame = (0 0; 320 116.333); autoresize = W; layer = <CALayer>>
   |    | <UITableViewCellContentView; frame = (0 0; 320 116); gestureRecognizers = <NSArray>; layer = <CALayer>>
   |    |    | <TTTAttributedLabel; baseClass = UILabel; frame = (16 20; 288 76); text = 'Erstellen Sie eine neue L...'; gestureRecognizers = <NSArray>; layer = <_UILabelLayer>>
   |    | <_UITableViewCellSeparatorView; frame = (16 116; 304 0.333333); layer = <CALayer>>
   | <UIImageView; frame = (6 518.667; 308 2.33333); alpha = 0; opaque = NO; autoresize = TM; userInteractionEnabled = NO; layer = <CALayer>>
   | <UIImageView; frame = (314.667 -38; 2.33333 314.667); opaque = NO; autoresize = LM; userInteractionEnabled = NO; animations = { opacity=<CABasicAnimation>; }; layer = <CALayer>>