<UITableView; frame = (0 0; 375 812); clipsToBounds = YES; autoresize = W+H; gestureRecognizers = <NSArray>; layer = <CALayer>; contentOffset: {0, -44}; contentSize: {375, 1164.3333549499512}; adjustedContentInset: {44, 0, 34, 0}>
   | <UIView; frame = (0 -44; 375 812); autoresize = W+H; layer = <CALayer>>
   | <Tinylog.HelpTableViewCell; baseClass = UITableViewCell; frame = (0 904; 375 80.3333); hidden = YES; autoresize = W; layer = <CALayer>>
   |    | <UITableViewCellContentView; frame = (0 0; 375 80); gestureRecognizers = <NSArray>; layer = <CALayer>>
   |    |    | <TTTAttributedLabel; baseClass = UILabel; frame = (16 20; 343 40); text = 'Create web links by typin...'; gestureRecognizers = <NSArray>; layer = <_UILabelLayer>>
   |    | <_UITableViewCellSeparatorView; frame = (16 80; 359 0.333333); layer = <CALayer>>
   | <Tinylog.HelpTableViewCell; baseClass = UITableViewCell; frame = (0 843.667; 375 60.3333); hidden = YES; autoresize = W; layer = <CALayer>>
   |    | <UITableViewCellContentView; frame = (0 0; 375 60); gestureRecognizers = <NSArray>; layer = <CALayer>>
   |    |    | <TTTAttributedLabel; baseClass = UILabel; frame = (16 20; 343 20); text = 'Tap checkbox to complete ...'; gestureRecognizers = <NSArray>; layer = <_UILabelLayer>>
   |    | <_UITableViewCellSeparatorView; frame = (16 60; 359 0.333333); layer = <CALayer>>
   | <Tinylog.HelpTableViewCell; baseClass = UITableViewCell; frame = (0 763.333; 375 80.3333); autoresize = W; layer = <CALayer>>
   |    | <UITableViewCellContentView; frame = (0 0; 375 80); gestureRecognizers = <NSArray>; layer = <CALayer>>
   |    |    | <TTTAttributedLabel; baseClass = UILabel; frame = (16 20; 343 40); text = 'Restore a list by swiping...'; gestureRecognizers = <NSArray>; layer = <_UILabelLayer>>
   |    | <_UITableViewCellSeparatorView; frame = (16 80; 359 0.333333); layer = <CALayer>>
   | <Tinylog.HelpTableViewCell; baseClass = UITableViewCell; frame = (0 683; 375 80.3333); autoresize = W; layer = <CALayer>>
   |    | <UITableViewCellContentView; frame = (0 0; 375 80); gestureRecognizers = <NSArray>; layer = <CALayer>>
   |    |    | <TTTAttributedLabel; baseClass = UILabel; frame = (16 20; 343 40); text = 'Delete a list by swiping ...'; gestureRecognizers = <NSArray>; layer = <_UILabelLayer>>
   |    | <_UITableViewCellSeparatorView; frame = (16 80; 359 0.333333); layer = <CALayer>>
   | <Tinylog.HelpTableViewCell; baseClass = UITableViewCell; frame = (0 602.667; 375 80.3333); autoresize = W; layer = <CALayer>>
   |    | <UITableViewCellContentView; frame = (0 0; 375 80); gestureRecognizers = <NSArray>; layer = <CALayer>>
   |    |    | <TTTAttributedLabel; baseClass = UILabel; frame = (16 20; 343 40); text = 'Edit a list by swiping to...'; gestureRecognizers = <NSArray>; layer = <_UILabelLayer>>
   |    | <_UITableViewCellSeparatorView; frame = (16 80; 359 0.333333); layer = <CALayer>>
   | <Tinylog.HelpTableViewCell; baseClass = UITableViewCell; frame = (0 522.333; 375 80.3333); autoresize = W; layer = <CALayer>>
   |    | <UITableViewCellContentView; frame = (0 0; 375 80); gestureRecognizers = <NSArray>; layer = <CALayer>>
   |    |    | <TTTAttributedLabel; baseClass = UILabel; frame = (16 20; 343 40); text = 'Archive a list by swiping...'; gestureRecognizers = <NSArray>; layer = <_UILabelLayer>>
   |    | <_UITableViewCellSeparatorView; frame = (16 80; 359 0.333333); layer = <CALayer>>
   | <Tinylog.HelpTableViewCell; baseClass = UITableViewCell; frame = (0 462; 375 60.3333); autoresize = W; layer = <CALayer>>
   |    | <UITableViewCellContentView; frame = (0 0; 375 60); gestureRecognizers = <NSArray>; layer = <CALayer>>
   |    |    | <TTTAttributedLabel; baseClass = UILabel; frame = (16 20; 343 20); text = 'Reorder lists and tasks b...'; gestureRecognizers = <NSArray>; layer = <_UILabelLayer>>
   |    | <_UITableViewCellSeparatorView; frame = (16 60; 359 0.333333); layer = <CALayer>>
   | <Tinylog.HelpTableViewCell; baseClass = UITableViewCell; frame = (0 381.667; 375 80.3333); autoresize = W; layer = <CALayer>>
   |    | <UITableViewCellContentView; frame = (0 0; 375 80); gestureRecognizers = <NSArray>; layer = <CALayer>>
   |    |    | <TTTAttributedLabel; baseClass = UILabel; frame = (16 20; 343 40); text = 'View archives by tapping ...'; gestureRecognizers = <NSArray>; layer = <_UILabelLayer>>
   |    | <_UITableViewCellSeparatorView; frame = (16 80; 359 0.333333); layer = <CALayer>>
   | <Tinylog.HelpTableViewCell; baseClass = UITableViewCell; frame = (0 321.333; 375 60.3333); autoresize = W; layer = <CALayer>>
   |    | <UITableViewCellContentView; frame = (0 0; 375 60); gestureRecognizers = <NSArray>; layer = <CALayer>>
   |    |    | <TTTAttributedLabel; baseClass = UILabel; frame = (16 20; 343 20); text = 'View tasks by tapping a l...'; gestureRecognizers = <NSArray>; layer = <_UILabelLayer>>
   |    | <_UITableViewCellSeparatorView; frame = (16 60; 359 0.333333); layer = <CALayer>>
   | <Tinylog.HelpTableViewCell; baseClass = UITableViewCell; frame = (0 241; 375 80.3333); autoresize = W; layer = <CALayer>>
   |    | <UITableViewCellContentView; frame = (0 0; 375 80); gestureRecognizers = <NSArray>; layer = <CALayer>>
   |    |    | <TTTAttributedLabel; baseClass = UILabel; frame = (16 20; 343 40); text = 'Create a new task by tapp...'; gestureRecognizers = <NSArray>; layer = <_UILabelLayer>>
   |    | <_UITableViewCellSeparatorView; frame = (16 80; 359 0.333333); layer = <CALayer>>
   | <Tinylog.HelpTableViewCell; baseClass = UITableViewCell; frame = (0 160.667; 375 80.3333); autoresize = W; layer = <CALayer>>
   |    | <UITableViewCellContentView; frame = (0 0; 375 80); gestureRecognizers = <NSArray>; layer = <CALayer>>
   |    |    | <TTTAttributedLabel; baseClass = UILabel; frame = (16 20; 343 40); text = 'Search all your lists wit...'; gestureRecognizers = <NSArray>; layer = <_UILabelLayer>>
   |    | <_UITableViewCellSeparatorView; frame = (16 80; 359 0.333333); layer = <CALayer>>
   | <Tinylog.HelpTableViewCell; baseClass = UITableViewCell; frame = (0 80.3333; 375 80.3333); autoresize = W; layer = <CALayer>>
   |    | <UITableViewCellContentView; frame = (0 0; 375 80); gestureRecognizers = <NSArray>; layer = <CALayer>>
   |    |    | <TTTAttributedLabel; baseClass = UILabel; frame = (16 20; 343 40); text = 'Search all your lists wit...'; gestureRecognizers = <NSArray>; layer = <_UILabelLayer>>
   |    | <_UITableViewCellSeparatorView; frame = (16 80; 359 0.333333); layer = <CALayer>>
   | <Tinylog.HelpTableViewCell; baseClass = UITableViewCell; frame = (0 0; 375 80.3333); autoresize = W; layer = <CALayer>>
   |    | <UITableViewCellContentView; frame = (0 0; 375 80); gestureRecognizers = <NSArray>; layer = <CALayer>>
   |    |    | <TTTAttributedLabel; baseClass = UILabel; frame = (16 20; 343 40); text = 'Create a new list by tapp...'; gestureRecognizers = <NSArray>; layer = <_UILabelLayer>>
   |    | <_UITableViewCellSeparatorView; frame = (16 80; 359 0.333333); layer = <CALayer>>
   | <UIImageView; frame = (31.6667 762.667; 311.333 2.33333); alpha = 0; opaque = NO; autoresize = TM; userInteractionEnabled = NO; layer = <CALayer>>
   | <UIImageView; frame = (369.667 -12.3333; 2.33333 585.333); opaque = NO; autoresize = LM; userInteractionEnabled = NO; animations = { opacity=<CABasicAnimation>; }; layer = <CALayer>>