<UITableView; frame = (0 0; 375 667); clipsToBounds = YES; autoresize = W+H; gestureRecognizers = <NSArray>; layer = <CALayer>; contentOffset: {0, -44}; contentSize: {375, 1183.6666946411133}; adjustedContentInset: {44, 0, 0, 0}>
   | <UIView; frame = (0 -44; 375 667); autoresize = W+H; layer = <CALayer>>
   | <Tinylog.HelpTableViewCell; baseClass = UITableViewCell; frame = (0 803.333; 375 80.3333); hidden = YES; autoresize = W; layer = <CALayer>>
   |    | <UITableViewCellContentView; frame = (0 0; 375 80); gestureRecognizers = <NSArray>; layer = <CALayer>>
   |    |    | <TTTAttributedLabel; baseClass = UILabel; frame = (16 20; 343 40); text = 'Wiederherstellen einer Li...'; gestureRecognizers = <NSArray>; layer = <_UILabelLayer>>
   |    | <_UITableViewCellSeparatorView; frame = (16 80; 359 0.333333); layer = <CALayer>>
   | <Tinylog.HelpTableViewCell; baseClass = UITableViewCell; frame = (0 723; 375 80.3333); hidden = YES; autoresize = W; layer = <CALayer>>
   |    | <UITableViewCellContentView; frame = (0 0; 375 80); gestureRecognizers = <NSArray>; layer = <CALayer>>
   |    |    | <TTTAttributedLabel; baseClass = UILabel; frame = (16 20; 343 40); text = 'LÃ¶schen Sie eine Liste, i...'; gestureRecognizers = <NSArray>; layer = <_UILabelLayer>>
   |    | <_UITableViewCellSeparatorView; frame = (16 80; 359 0.333333); layer = <CALayer>>
   | <Tinylog.HelpTableViewCell; baseClass = UITableViewCell; frame = (0 642.667; 375 80.3333); hidden = YES; autoresize = W; layer = <CALayer>>
   |    | <UITableViewCellContentView; frame = (0 0; 375 80); gestureRecognizers = <NSArray>; layer = <CALayer>>
   |    |    | <TTTAttributedLabel; baseClass = UILabel; frame = (16 20; 343 40); text = 'Bearbeiten Sie eine Liste...'; gestureRecognizers = <NSArray>; layer = <_UILabelLayer>>
   |    | <_UITableViewCellSeparatorView; frame = (16 80; 359 0.333333); layer = <CALayer>>
   | <Tinylog.HelpTableViewCell; baseClass = UITableViewCell; frame = (0 562.333; 375 80.3333); autoresize = W; layer = <CALayer>>
   |    | <UITableViewCellContentView; frame = (0 0; 375 80); gestureRecognizers = <NSArray>; layer = <CALayer>>
   |    |    | <TTTAttributedLabel; baseClass = UILabel; frame = (16 20; 343 40); text = 'Archivieren Sie eine List...'; gestureRecognizers = <NSArray>; layer = <_UILabelLayer>>
   |    | <_UITableViewCellSeparatorView; frame = (16 80; 359 0.333333); layer = <CALayer>>
   | <Tinylog.HelpTableViewCell; baseClass = UITableViewCell; frame = (0 482; 375 80.3333); autoresize = W; layer = <CALayer>>
   |    | <UITableViewCellContentView; frame = (0 0; 375 80); gestureRecognizers = <NSArray>; layer = <CALayer>>
   |    |    | <TTTAttributedLabel; baseClass = UILabel; frame = (16 20; 343 40); text = 'Listen und Aufgaben neu a...'; gestureRecognizers = <NSArray>; layer = <_UILabelLayer>>
   |    | <_UITableViewCellSeparatorView; frame = (16 80; 359 0.333333); layer = <CALayer>>
   | <Tinylog.HelpTableViewCell; baseClass = UITableViewCell; frame = (0 401.667; 375 80.3333); autoresize = W; layer = <CALayer>>
   |    | <UITableViewCellContentView; frame = (0 0; 375 80); gestureRecognizers = <NSArray>; layer = <CALayer>>
   |    |    | <TTTAttributedLabel; baseClass = UILabel; frame = (16 20; 343 40); text = 'Zeigen Sie Archive an, in...'; gestureRecognizers = <NSArray>; layer = <_UILabelLayer>>
   |    | <_UITableViewCellSeparatorView; frame = (16 80; 359 0.333333); layer = <CALayer>>
   | <Tinylog.HelpTableViewCell; baseClass = UITableViewCell; frame = (0 321.333; 375 80.3333); autoresize = W; layer = <CALayer>>
   |    | <UITableViewCellContentView; frame = (0 0; 375 80); gestureRecognizers = <NSArray>; layer = <CALayer>>
   |    |    | <TTTAttributedLabel; baseClass = UILabel; frame = (16 20; 343 40); text = 'Zeigen Sie Aufgaben an, i...'; gestureRecognizers = <NSArray>; layer = <_UILabelLayer>>
   |    | <_UITableViewCellSeparatorView; frame = (16 80; 359 0.333333); layer = <CALayer>>
   | <Tinylog.HelpTableViewCell; baseClass = UITableViewCell; frame = (0 241; 375 80.3333); autoresize = W; layer = <CALayer>>
   |    | <UITableViewCellContentView; frame = (0 0; 375 80); gestureRecognizers = <NSArray>; layer = <CALayer>>
   |    |    | <TTTAttributedLabel; baseClass = UILabel; frame = (16 20; 343 40); text = 'Erstellen Sie eine neue A...'; gestureRecognizers = <NSArray>; layer = <_UILabelLayer>>
   |    | <_UITableViewCellSeparatorView; frame = (16 80; 359 0.333333); layer = <CALayer>>
   | <Tinylog.HelpTableViewCell; baseClass = UITableViewCell; frame = (0 160.667; 375 80.3333); autoresize = W; layer = <CALayer>>
   |    | <UITableViewCellContentView; frame = (0 0; 375 80); gestureRecognizers = <NSArray>; layer = <CALayer>>
   |    |    | <TTTAttributedLabel; baseClass = UILabel; frame = (16 20; 343 40); text = 'Durchsuchen Sie alle Ihre...'; gestureRecognizers = <NSArray>; layer = <_UILabelLayer>>
   |    | <_UITableViewCellSeparatorView; frame = (16 80; 359 0.333333); layer = <CALayer>>
   | <Tinylog.HelpTableViewCell; baseClass = UITableViewCell; frame = (0 80.3333; 375 80.3333); autoresize = W; layer = <CALayer>>
   |    | <UITableViewCellContentView; frame = (0 0; 375 80); gestureRecognizers = <NSArray>; layer = <CALayer>>
   |    |    | <TTTAttributedLabel; baseClass = UILabel; frame = (16 20; 343 40); text = 'Durchsuchen Sie alle Ihre...'; gestureRecognizers = <NSArray>; layer = <_UILabelLayer>>
   |    | <_UITableViewCellSeparatorView; frame = (16 80; 359 0.333333); layer = <CALayer>>
   | <Tinylog.HelpTableViewCell; baseClass = UITableViewCell; frame = (0 0; 375 80.3333); autoresize = W; layer = <CALayer>>
   |    | <UITableViewCellContentView; frame = (0 0; 375 80); gestureRecognizers = <NSArray>; layer = <CALayer>>
   |    |    | <TTTAttributedLabel; baseClass = UILabel; frame = (16 20; 343 40); text = 'Erstellen Sie eine neue L...'; gestureRecognizers = <NSArray>; layer = <_UILabelLayer>>
   |    | <_UITableViewCellSeparatorView; frame = (16 80; 359 0.333333); layer = <CALayer>>
   | <UIImageView; frame = (6 617.667; 363 2.33333); alpha = 0; opaque = NO; autoresize = TM; userInteractionEnabled = NO; layer = <CALayer>>
   | <UIImageView; frame = (369.667 -12.3333; 2.33333 418); opaque = NO; autoresize = LM; userInteractionEnabled = NO; animations = { opacity=<CABasicAnimation>; }; layer = <CALayer>>