<UITableView; frame = (0 0; 375 812); clipsToBounds = YES; autoresize = W+H; gestureRecognizers = <NSArray>; layer = <CALayer>; contentOffset: {0, -44}; contentSize: {375, 1538.6666793823242}; adjustedContentInset: {44, 0, 34, 0}>
   | <UIView; frame = (0 -44; 375 812); autoresize = W+H; layer = <CALayer>>
   | <Tinylog.HelpTableViewCell; baseClass = UITableViewCell; frame = (0 1244.67; 375 114); hidden = YES; autoresize = W; layer = <CALayer>>
   |    | <UITableViewCellContentView; frame = (0 0; 375 113.667); gestureRecognizers = <NSArray>; layer = <CALayer>>
   |    |    | <UILabel; frame = (16 20; 349 73.6667); text = 'Erstellen Sie Weblinks, i...'; userInteractionEnabled = NO; layer = <_UILabelLayer>>
   |    | <_UITableViewCellSeparatorView; frame = (16 113.667; 359 0.333333); layer = <CALayer>>
   | <Tinylog.HelpTableViewCell; baseClass = UITableViewCell; frame = (0 1155.33; 375 89.3333); hidden = YES; autoresize = W; layer = <CALayer>>
   |    | <UITableViewCellContentView; frame = (0 0; 375 89); gestureRecognizers = <NSArray>; layer = <CALayer>>
   |    |    | <UILabel; frame = (16 20; 349 49); text = 'Tippen Sie auf das Kontro...'; userInteractionEnabled = NO; layer = <_UILabelLayer>>
   |    | <_UITableViewCellSeparatorView; frame = (16 89; 359 0.333333); layer = <CALayer>>
   | <Tinylog.HelpTableViewCell; baseClass = UITableViewCell; frame = (0 1041.33; 375 114); hidden = YES; autoresize = W; layer = <CALayer>>
   |    | <UITableViewCellContentView; frame = (0 0; 375 113.667); gestureRecognizers = <NSArray>; layer = <CALayer>>
   |    |    | <UILabel; frame = (16 20; 349 73.6667); text = 'Wiederherstellen einer Li...'; userInteractionEnabled = NO; layer = <_UILabelLayer>>
   |    | <_UITableViewCellSeparatorView; frame = (16 113.667; 359 0.333333); layer = <CALayer>>
   | <Tinylog.HelpTableViewCell; baseClass = UITableViewCell; frame = (0 927.333; 375 114); hidden = YES; autoresize = W; layer = <CALayer>>
   |    | <UITableViewCellContentView; frame = (0 0; 375 113.667); gestureRecognizers = <NSArray>; layer = <CALayer>>
   |    |    | <UILabel; frame = (16 20; 349 73.6667); text = 'LÃ¶schen Sie eine Liste, i...'; userInteractionEnabled = NO; layer = <_UILabelLayer>>
   |    | <_UITableViewCellSeparatorView; frame = (16 113.667; 359 0.333333); layer = <CALayer>>
   | <Tinylog.HelpTableViewCell; baseClass = UITableViewCell; frame = (0 813.333; 375 114); hidden = YES; autoresize = W; layer = <CALayer>>
   |    | <UITableViewCellContentView; frame = (0 0; 375 113.667); gestureRecognizers = <NSArray>; layer = <CALayer>>
   |    |    | <UILabel; frame = (16 20; 349 73.6667); text = 'Bearbeiten Sie eine Liste...'; userInteractionEnabled = NO; layer = <_UILabelLayer>>
   |    | <_UITableViewCellSeparatorView; frame = (16 113.667; 359 0.333333); layer = <CALayer>>
   | <Tinylog.HelpTableViewCell; baseClass = UITableViewCell; frame = (0 699.333; 375 114); autoresize = W; layer = <CALayer>>
   |    | <UITableViewCellContentView; frame = (0 0; 375 113.667); gestureRecognizers = <NSArray>; layer = <CALayer>>
   |    |    | <UILabel; frame = (16 20; 349 73.6667); text = 'Archivieren Sie eine List...'; userInteractionEnabled = NO; layer = <_UILabelLayer>>
   |    | <_UITableViewCellSeparatorView; frame = (16 113.667; 359 0.333333); layer = <CALayer>>
   | <Tinylog.HelpTableViewCell; baseClass = UITableViewCell; frame = (0 610; 375 89.3333); autoresize = W; layer = <CALayer>>
   |    | <UITableViewCellContentView; frame = (0 0; 375 89); gestureRecognizers = <NSArray>; layer = <CALayer>>
   |    |    | <UILabel; frame = (16 20; 349 49); text = 'Listen und Aufgaben neu a...'; userInteractionEnabled = NO; layer = <_UILabelLayer>>
   |    | <_UITableViewCellSeparatorView; frame = (16 89; 359 0.333333); layer = <CALayer>>
   | <Tinylog.HelpTableViewCell; baseClass = UITableViewCell; frame = (0 520.667; 375 89.3333); autoresize = W; layer = <CALayer>>
   |    | <UITableViewCellContentView; frame = (0 0; 375 89); gestureRecognizers = <NSArray>; layer = <CALayer>>
   |    |    | <UILabel; frame = (16 20; 349 49); text = 'Zeigen Sie Archive an, in...'; userInteractionEnabled = NO; layer = <_UILabelLayer>>
   |    | <_UITableViewCellSeparatorView; frame = (16 89; 359 0.333333); layer = <CALayer>>
   | <Tinylog.HelpTableViewCell; baseClass = UITableViewCell; frame = (0 431.333; 375 89.3333); autoresize = W; layer = <CALayer>>
   |    | <UITableViewCellContentView; frame = (0 0; 375 89); gestureRecognizers = <NSArray>; layer = <CALayer>>
   |    |    | <UILabel; frame = (16 20; 349 49); text = 'Zeigen Sie Aufgaben an, i...'; userInteractionEnabled = NO; layer = <_UILabelLayer>>
   |    | <_UITableViewCellSeparatorView; frame = (16 89; 359 0.333333); layer = <CALayer>>
   | <Tinylog.HelpTableViewCell; baseClass = UITableViewCell; frame = (0 317.333; 375 114); autoresize = W; layer = <CALayer>>
   |    | <UITableViewCellContentView; frame = (0 0; 375 113.667); gestureRecognizers = <NSArray>; layer = <CALayer>>
   |    |    | <UILabel; frame = (16 20; 349 73.6667); text = 'Erstellen Sie eine neue A...'; userInteractionEnabled = NO; layer = <_UILabelLayer>>
   |    | <_UITableViewCellSeparatorView; frame = (16 113.667; 359 0.333333); layer = <CALayer>>
   | <Tinylog.HelpTableViewCell; baseClass = UITableViewCell; frame = (0 203.333; 375 114); autoresize = W; layer = <CALayer>>
   |    | <UITableViewCellContentView; frame = (0 0; 375 113.667); gestureRecognizers = <NSArray>; layer = <CALayer>>
   |    |    | <UILabel; frame = (16 20; 349 73.6667); text = 'Durchsuchen Sie alle Ihre...'; userInteractionEnabled = NO; layer = <_UILabelLayer>>
   |    | <_UITableViewCellSeparatorView; frame = (16 113.667; 359 0.333333); layer = <CALayer>>
   | <Tinylog.HelpTableViewCell; baseClass = UITableViewCell; frame = (0 114; 375 89.3333); autoresize = W; layer = <CALayer>>
   |    | <UITableViewCellContentView; frame = (0 0; 375 89); gestureRecognizers = <NSArray>; layer = <CALayer>>
   |    |    | <UILabel; frame = (16 20; 349 49); text = 'Durchsuchen Sie alle Ihre...'; userInteractionEnabled = NO; layer = <_UILabelLayer>>
   |    | <_UITableViewCellSeparatorView; frame = (16 89; 359 0.333333); layer = <CALayer>>
   | <Tinylog.HelpTableViewCell; baseClass = UITableViewCell; frame = (0 0; 375 114); autoresize = W; layer = <CALayer>>
   |    | <UITableViewCellContentView; frame = (0 0; 375 113.667); gestureRecognizers = <NSArray>; layer = <CALayer>>
   |    |    | <UILabel; frame = (16 20; 349 73.6667); text = 'Erstellen Sie eine neue L...'; userInteractionEnabled = NO; layer = <_UILabelLayer>>
   |    | <_UITableViewCellSeparatorView; frame = (16 113.667; 359 0.333333); layer = <CALayer>>
   | <UIImageView; frame = (6 728.667; 363 2.33333); alpha = 0; opaque = NO; autoresize = TM; userInteractionEnabled = NO; layer = <CALayer>>
   | <UIImageView; frame = (369.667 -37.6667; 2.33333 601.333); opaque = NO; autoresize = LM; userInteractionEnabled = NO; animations = { opacity=<CABasicAnimation>; }; layer = <CALayer>>