<UITableView; frame = (0 0; 812 375); clipsToBounds = YES; autoresize = W+H; gestureRecognizers = <NSArray>; layer = <CALayer>; contentOffset: {0, -44}; contentSize: {812, 961.99999237060547}; adjustedContentInset: {44, 0, 24, 0}>
   | <UIView; frame = (0 -44; 812 375); autoresize = W+H; layer = <CALayer>>
   | <Tinylog.HelpTableViewCell; baseClass = UITableViewCell; frame = (0 301.667; 812 60.3333); autoresize = W; layer = <CALayer>>
   |    | <UITableViewCellContentView; frame = (44 0; 724 60); gestureRecognizers = <NSArray>; layer = <CALayer>>
   |    |    | <TTTAttributedLabel; baseClass = UILabel; frame = (16 20; 692 20); text = 'View archives by tapping ...'; gestureRecognizers = <NSArray>; layer = <_UILabelLayer>>
   |    | <_UITableViewCellSeparatorView; frame = (16 60; 796 0.333333); layer = <CALayer>>
   | <Tinylog.HelpTableViewCell; baseClass = UITableViewCell; frame = (0 241.333; 812 60.3333); autoresize = W; layer = <CALayer>>
   |    | <UITableViewCellContentView; frame = (44 0; 724 60); gestureRecognizers = <NSArray>; layer = <CALayer>>
   |    |    | <TTTAttributedLabel; baseClass = UILabel; frame = (16 20; 692 20); text = 'View tasks by tapping a l...'; gestureRecognizers = <NSArray>; layer = <_UILabelLayer>>
   |    | <_UITableViewCellSeparatorView; frame = (16 60; 796 0.333333); layer = <CALayer>>
   | <Tinylog.HelpTableViewCell; baseClass = UITableViewCell; frame = (0 181; 812 60.3333); autoresize = W; layer = <CALayer>>
   |    | <UITableViewCellContentView; frame = (44 0; 724 60); gestureRecognizers = <NSArray>; layer = <CALayer>>
   |    |    | <TTTAttributedLabel; baseClass = UILabel; frame = (16 20; 692 20); text = 'Create a new task by tapp...'; gestureRecognizers = <NSArray>; layer = <_UILabelLayer>>
   |    | <_UITableViewCellSeparatorView; frame = (16 60; 796 0.333333); layer = <CALayer>>
   | <Tinylog.HelpTableViewCell; baseClass = UITableViewCell; frame = (0 120.667; 812 60.3333); autoresize = W; layer = <CALayer>>
   |    | <UITableViewCellContentView; frame = (44 0; 724 60); gestureRecognizers = <NSArray>; layer = <CALayer>>
   |    |    | <TTTAttributedLabel; baseClass = UILabel; frame = (16 20; 692 20); text = 'Search all your lists wit...'; gestureRecognizers = <NSArray>; layer = <_UILabelLayer>>
   |    | <_UITableViewCellSeparatorView; frame = (16 60; 796 0.333333); layer = <CALayer>>
   | <Tinylog.HelpTableViewCell; baseClass = UITableViewCell; frame = (0 60.3333; 812 60.3333); autoresize = W; layer = <CALayer>>
   |    | <UITableViewCellContentView; frame = (44 0; 724 60); gestureRecognizers = <NSArray>; layer = <CALayer>>
   |    |    | <TTTAttributedLabel; baseClass = UILabel; frame = (16 20; 692 20); text = 'Search all your lists wit...'; gestureRecognizers = <NSArray>; layer = <_UILabelLayer>>
   |    | <_UITableViewCellSeparatorView; frame = (16 60; 796 0.333333); layer = <CALayer>>
   | <Tinylog.HelpTableViewCell; baseClass = UITableViewCell; frame = (0 0; 812 60.3333); autoresize = W; layer = <CALayer>>
   |    | <UITableViewCellContentView; frame = (44 0; 724 60); gestureRecognizers = <NSArray>; layer = <CALayer>>
   |    |    | <TTTAttributedLabel; baseClass = UILabel; frame = (16 20; 692 20); text = 'Create a new list by tapp...'; gestureRecognizers = <NSArray>; layer = <_UILabelLayer>>
   |    | <_UITableViewCellSeparatorView; frame = (16 60; 796 0.333333); layer = <CALayer>>
   | <UIImageView; frame = (762.667 3; 2.33333 109.667); opaque = NO; autoresize = LM; userInteractionEnabled = NO; animations = { opacity=<CABasicAnimation>; }; layer = <CALayer>>
   | <UIImageView; frame = (47 301.667; 715.667 2.33333); alpha = 0; opaque = NO; autoresize = TM; userInteractionEnabled = NO; animations = { opacity=<CABasicAnimation>; }; layer = <CALayer>>