<UIView; frame = (0 0; 768 1024); autoresize = W+H; layer = <CALayer>>
   | <UIImageView; frame = (312 377; 144 90); opaque = NO; userInteractionEnabled = NO; layer = <CALayer>>
   | <Tinylog.RoundedButton; baseClass = UIButton; frame = (0 964; 384 60); opaque = NO; layer = <CALayer>>
   |    | <UIButtonLabel; frame = (166 20; 52 20.3333); text = 'Später'; opaque = NO; userInteractionEnabled = NO; layer = <_UILabelLayer>>
   | <Tinylog.RoundedButton; baseClass = UIButton; frame = (384 964; 384 60); opaque = NO; layer = <CALayer>>
   |    | <UIButtonLabel; frame = (132.667 20; 119 20.3333); text = 'Benutze iCloud'; opaque = NO; userInteractionEnabled = NO; layer = <_UILabelLayer>>
   | <UILabel; frame = (20 487; 728 40.3333); text = 'iCloud für Tinylog'; userInteractionEnabled = NO; layer = <_UILabelLayer>>
   | <UILabel; frame = (20 547.333; 728 65.3333); text = 'iCloud hält Ihre Listen a...'; userInteractionEnabled = NO; layer = <_UILabelLayer>>