<UIView; frame = (0 0; 812 375); autoresize = W+H; layer = <CALayer>>
   | <UIImageView; frame = (334 52.6667; 144 90); opaque = NO; userInteractionEnabled = NO; layer = <CALayer>>
   | <Tinylog.RoundedButton; baseClass = UIButton; frame = (0 315; 406 60); opaque = NO; layer = <CALayer>>
   |    | <UIButtonLabel; frame = (182.667 20; 40.6667 20.3333); text = 'Later'; opaque = NO; userInteractionEnabled = NO; layer = <_UILabelLayer>>
   | <Tinylog.RoundedButton; baseClass = UIButton; frame = (406 315; 406 60); opaque = NO; layer = <CALayer>>
   |    | <UIButtonLabel; frame = (160.667 20; 85 20.3333); text = 'Use iCloud'; opaque = NO; userInteractionEnabled = NO; layer = <_UILabelLayer>>
   | <UILabel; frame = (20 162.667; 772 40.3333); text = 'iCloud for Tinylog'; userInteractionEnabled = NO; layer = <_UILabelLayer>>
   | <UILabel; frame = (20 223; 772 32.6667); text = 'iCloud keeps your lists u...'; userInteractionEnabled = NO; layer = <_UILabelLayer>>