<UIView; frame = (0 0; 834 1194); autoresize = W+H; layer = <CALayer>>
   | <UIImageView; frame = (345 462; 144 90); opaque = NO; userInteractionEnabled = NO; layer = <CALayer>>
   | <Tinylog.RoundedButton; baseClass = UIButton; frame = (0 1134; 417 60); opaque = NO; layer = <CALayer>>
   |    | <UIButtonLabel; frame = (182.667 20; 52 20.3333); text = 'Später'; opaque = NO; userInteractionEnabled = NO; layer = <_UILabelLayer>>
   | <Tinylog.RoundedButton; baseClass = UIButton; frame = (417 1134; 417 60); opaque = NO; layer = <CALayer>>
   |    | <UIButtonLabel; frame = (149 20; 119 20.3333); text = 'Benutze iCloud'; opaque = NO; userInteractionEnabled = NO; layer = <_UILabelLayer>>
   | <UILabel; frame = (20 572; 794 40.3333); text = 'iCloud für Tinylog'; userInteractionEnabled = NO; layer = <_UILabelLayer>>
   | <UILabel; frame = (20 632.333; 794 65.3333); text = 'iCloud hält Ihre Listen a...'; userInteractionEnabled = NO; layer = <_UILabelLayer>>