<UIView; frame = (0 0; 1194 834); autoresize = W+H; layer = <CALayer>>
   | <UIImageView; frame = (525 282; 144 90); opaque = NO; userInteractionEnabled = NO; layer = <CALayer>>
   | <Tinylog.RoundedButton; baseClass = UIButton; frame = (0 774; 597 60); opaque = NO; layer = <CALayer>>
   |    | <UIButtonLabel; frame = (278.333 20; 40.6667 20.3333); text = 'Later'; opaque = NO; userInteractionEnabled = NO; layer = <_UILabelLayer>>
   | <Tinylog.RoundedButton; baseClass = UIButton; frame = (597 774; 597 60); opaque = NO; layer = <CALayer>>
   |    | <UIButtonLabel; frame = (256 20; 85 20.3333); text = 'Use iCloud'; opaque = NO; userInteractionEnabled = NO; layer = <_UILabelLayer>>
   | <UILabel; frame = (20 392; 1154 40.3333); text = 'iCloud for Tinylog'; userInteractionEnabled = NO; layer = <_UILabelLayer>>
   | <UILabel; frame = (20 452.333; 1154 32.6667); text = 'iCloud keeps your lists u...'; userInteractionEnabled = NO; layer = <_UILabelLayer>>