<UIView; frame = (0 0; 375 667); autoresize = W+H; layer = <CALayer>>
   | <UIView; frame = (0 0; 375 535); layer = <CALayer>>
   |    | <UIImageView; frame = (115.5 147.5; 144 90); opaque = NO; userInteractionEnabled = NO; layer = <CALayer>>
   |    | <UILabel; frame = (66 247.5; 243.5 40.5); text = 'iCloud für Tinylog'; userInteractionEnabled = NO; layer = <_UILabelLayer>>
   |    | <UILabel; frame = (20 293; 335 98); text = 'iCloud hält Ihre Listen a...'; userInteractionEnabled = NO; layer = <_UILabelLayer>>
   | <Tinylog.RoundedButton; baseClass = UIButton; frame = (20 535; 335 50); opaque = NO; layer = <CALayer>>
   |    | <UIButtonLabel; frame = (141.5 14.5; 52 21); text = 'Später'; opaque = NO; userInteractionEnabled = NO; layer = <_UILabelLayer>>
   | <Tinylog.RoundedButton; baseClass = UIButton; frame = (20 601; 335 50); opaque = NO; layer = <CALayer>>
   |    | <UIButtonLabel; frame = (108 14.5; 119 21); text = 'Benutze iCloud'; opaque = NO; userInteractionEnabled = NO; layer = <_UILabelLayer>>