<UIView; frame = (0 0; 375 667); autoresize = W+H; layer = <CALayer>>
   | <UIView; frame = (0 0; 375 535); layer = <CALayer>>
   |    | <UIImageView; frame = (115.5 147.5; 144 90); opaque = NO; userInteractionEnabled = NO; layer = <CALayer>>
   |    | <UILabel; frame = (65.5 247.5; 244 40.5); text = 'iCloud for Tinylog'; userInteractionEnabled = NO; layer = <_UILabelLayer>>
   |    | <UILabel; frame = (20 293; 335 98); text = 'iCloud keeps your lists u...'; userInteractionEnabled = NO; layer = <_UILabelLayer>>
   | <Tinylog.RoundedButton; baseClass = UIButton; frame = (20 535; 335 50); opaque = NO; layer = <CALayer>>
   |    | <UIButtonLabel; frame = (147 14.5; 41 21); text = 'Later'; opaque = NO; userInteractionEnabled = NO; layer = <_UILabelLayer>>
   | <Tinylog.RoundedButton; baseClass = UIButton; frame = (20 601; 335 50); opaque = NO; layer = <CALayer>>
   |    | <UIButtonLabel; frame = (125 14.5; 85 21); text = 'Use iCloud'; opaque = NO; userInteractionEnabled = NO; layer = <_UILabelLayer>>