<UIView; frame = (0 0; 812 375); autoresize = W+H; layer = <CALayer>>
   | <UIImageView; frame = (334 52.5; 144 90); opaque = NO; userInteractionEnabled = NO; layer = <CALayer>>
   | <Tinylog.RoundedButton; baseClass = UIButton; frame = (0 315; 406 60); opaque = NO; layer = <CALayer>>
   |    | <UIButtonLabel; frame = (177 19.5; 52 21); text = 'Später'; opaque = NO; userInteractionEnabled = NO; layer = <_UILabelLayer>>
   | <Tinylog.RoundedButton; baseClass = UIButton; frame = (406 315; 406 60); opaque = NO; layer = <CALayer>>
   |    | <UIButtonLabel; frame = (143.5 19.5; 119 21); text = 'Benutze iCloud'; opaque = NO; userInteractionEnabled = NO; layer = <_UILabelLayer>>
   | <UILabel; frame = (20 162.5; 772 40.5); text = 'iCloud für Tinylog'; userInteractionEnabled = NO; layer = <_UILabelLayer>>
   | <UILabel; frame = (20 223; 772 65.5); text = 'iCloud hält Ihre Listen a...'; userInteractionEnabled = NO; layer = <_UILabelLayer>>