<UIView; frame = (0 0; 1024 768); autoresize = W+H; layer = <CALayer>>
   | <UIImageView; frame = (440 249; 144 90); opaque = NO; userInteractionEnabled = NO; layer = <CALayer>>
   | <Tinylog.RoundedButton; baseClass = UIButton; frame = (0 708; 512 60); opaque = NO; layer = <CALayer>>
   |    | <UIButtonLabel; frame = (230 20; 52 20.3333); text = 'Später'; opaque = NO; userInteractionEnabled = NO; layer = <_UILabelLayer>>
   | <Tinylog.RoundedButton; baseClass = UIButton; frame = (512 708; 512 60); opaque = NO; layer = <CALayer>>
   |    | <UIButtonLabel; frame = (196.667 20; 119 20.3333); text = 'Benutze iCloud'; opaque = NO; userInteractionEnabled = NO; layer = <_UILabelLayer>>
   | <UILabel; frame = (20 359; 984 40.3333); text = 'iCloud für Tinylog'; userInteractionEnabled = NO; layer = <_UILabelLayer>>
   | <UILabel; frame = (20 419.333; 984 32.6667); text = 'iCloud hält Ihre Listen a...'; userInteractionEnabled = NO; layer = <_UILabelLayer>>