<UIView; frame = (0 0; 414 896); autoresize = W+H; layer = <CALayer>>
   | <UIImageView; frame = (135 313; 144 90); opaque = NO; userInteractionEnabled = NO; layer = <CALayer>>
   | <Tinylog.RoundedButton; baseClass = UIButton; frame = (0 836; 207 60); opaque = NO; layer = <CALayer>>
   |    | <UIButtonLabel; frame = (83 19.5; 41 21); text = 'Later'; opaque = NO; userInteractionEnabled = NO; layer = <_UILabelLayer>>
   | <Tinylog.RoundedButton; baseClass = UIButton; frame = (207 836; 207 60); opaque = NO; layer = <CALayer>>
   |    | <UIButtonLabel; frame = (61 19.5; 85 21); text = 'Use iCloud'; opaque = NO; userInteractionEnabled = NO; layer = <_UILabelLayer>>
   | <UILabel; frame = (20 423; 374 40.5); text = 'iCloud for Tinylog'; userInteractionEnabled = NO; layer = <_UILabelLayer>>
   | <UILabel; frame = (20 483.5; 374 98); text = 'iCloud keeps your lists u...'; userInteractionEnabled = NO; layer = <_UILabelLayer>>