<UIView; frame = (0 0; 414 736); autoresize = W+H; layer = <CALayer>>
   | <UIImageView; frame = (135 233; 144 90); opaque = NO; userInteractionEnabled = NO; layer = <CALayer>>
   | <Tinylog.RoundedButton; baseClass = UIButton; frame = (0 676; 207 60); opaque = NO; layer = <CALayer>>
   |    | <UIButtonLabel; frame = (77.6667 20; 52 20.3333); text = 'Später'; opaque = NO; userInteractionEnabled = NO; layer = <_UILabelLayer>>
   | <Tinylog.RoundedButton; baseClass = UIButton; frame = (207 676; 207 60); opaque = NO; layer = <CALayer>>
   |    | <UIButtonLabel; frame = (44 20; 119 20.3333); text = 'Benutze iCloud'; opaque = NO; userInteractionEnabled = NO; layer = <_UILabelLayer>>
   | <UILabel; frame = (20 343; 374 40.3333); text = 'iCloud für Tinylog'; userInteractionEnabled = NO; layer = <_UILabelLayer>>
   | <UILabel; frame = (20 403.333; 374 98); text = 'iCloud hält Ihre Listen a...'; userInteractionEnabled = NO; layer = <_UILabelLayer>>